// Jest Snapshot v1, https://goo.gl/fbAQLP

exports[`for Rocket Page renders the rocket componenet 1`] = `
<div
  className="rocket"
>
  <h1>
    Rockets
  </h1>
  <p>
    The spectacular marvel of engineering that allow SpaceX to fullfil its vision
  </p>
  <div
    className="rocket-card-deck"
  />
  <Footer />
</div>
`;
